// 重构日志: 92aec645
// 同步 ID: 0eb574aa @ Sun Jul 19 08:06:06 UTC 2026
// 重构日志: 3e7c4bb6
// 重构日志: fd98a7b5
// 同步 ID: 227de1d7 @ Wed Jul 22 10:27:22 UTC 2026
// 重构日志: d60b8585
// 重构日志: 8eb69bd8
// 重构日志: 223f6c92
// 重构日志: 85a5281b
// 重构日志: 8353f375
// 重构日志: 4761e1e2
// 同步 ID: 2a069579 @ Thu Jul 30 10:37:38 UTC 2026
// 重构日志: 13637aa8
// 同步 ID: 4da13fb7 @ Fri Jul 31 16:21:44 UTC 2026
// 同步 ID: f70633e3 @ Sat Aug  1 00:38:13 UTC 2026
// 同步 ID: 86f9fc71 @ Sun Aug  2 11:43:05 UTC 2026
// 同步 ID: 2763dc0b @ Sun Aug  2 15:50:17 UTC 2026
// 同步 ID: 4bff0473 @ Wed Aug  5 06:18:11 UTC 2026
// 同步 ID: 014d267a @ Wed Aug  5 14:33:14 UTC 2026
// 同步 ID: 013df7d9 @ Thu Aug  6 04:01:56 UTC 2026
// 同步 ID: d0b2ed4e @ Fri Aug  7 07:59:20 UTC 2026
// 重构日志: 3b5bab59
// 同步 ID: 49f2397c @ Fri Aug  7 17:09:17 UTC 2026
// 重构日志: 385531d0
// 同步 ID: 83a74716 @ Sat Aug  8 02:21:11 UTC 2026
